[    1707ms] [ERROR] The Content Security Policy directive 'upgrade-insecure-requests' is ignored when delivered in a report-only policy. @ https://authenticator.cursor.sh/?client_id=client_01GS6W3C96KW4WRS6Z93JCE2RJ&redirect_uri=https%3A%2F%2Fcursor.com%2Fapi%2Fauth%2Fcallback&state=%257B%2522nonce%2522%253A%2522c5ed07d8-108c-48c4-be04-845e812ea41d%2522%257D&authorization_session_id=01M16PMMMNKR7NGVVRR4HMWHSN:0
[    1810ms] [INFO] Executing inline script violates the following Content Security Policy directive 'script-src 'self' 'nonce-7pe9VsEI7GCAYQWXTJF/yA==' 'unsafe-inline' https://challenges.cloudflare.com'. Note that 'unsafe-inline' is ignored if either a hash or nonce value is present in the source list. The policy is report-only, so the violation has been logged but no further action has been taken. @ https://authenticator.cursor.sh/?client_id=client_01GS6W3C96KW4WRS6Z93JCE2RJ&redirect_uri=https%3A%2F%2Fcursor.com%2Fapi%2Fauth%2Fcallback&state=%257B%2522nonce%2522%253A%2522c5ed07d8-108c-48c4-be04-845e812ea41d%2522%257D&authorization_session_id=01M16PMMMNKR7NGVVRR4HMWHSN:467
[    1811ms] [INFO] Executing inline script violates the following Content Security Policy directive 'script-src 'self' 'nonce-7pe9VsEI7GCAYQWXTJF/yA==' 'unsafe-inline' https://challenges.cloudflare.com'. Note that 'unsafe-inline' is ignored if either a hash or nonce value is present in the source list. The policy is report-only, so the violation has been logged but no further action has been taken. @ https://authenticator.cursor.sh/?client_id=client_01GS6W3C96KW4WRS6Z93JCE2RJ&redirect_uri=https%3A%2F%2Fcursor.com%2Fapi%2Fauth%2Fcallback&state=%257B%2522nonce%2522%253A%2522c5ed07d8-108c-48c4-be04-845e812ea41d%2522%257D&authorization_session_id=01M16PMMMNKR7NGVVRR4HMWHSN:467
[    1811ms] [INFO] Executing inline script violates the following Content Security Policy directive 'script-src 'self' 'nonce-7pe9VsEI7GCAYQWXTJF/yA==' 'unsafe-inline' https://challenges.cloudflare.com'. Note that 'unsafe-inline' is ignored if either a hash or nonce value is present in the source list. The policy is report-only, so the violation has been logged but no further action has been taken. @ https://authenticator.cursor.sh/?client_id=client_01GS6W3C96KW4WRS6Z93JCE2RJ&redirect_uri=https%3A%2F%2Fcursor.com%2Fapi%2Fauth%2Fcallback&state=%257B%2522nonce%2522%253A%2522c5ed07d8-108c-48c4-be04-845e812ea41d%2522%257D&authorization_session_id=01M16PMMMNKR7NGVVRR4HMWHSN:467
[    1853ms] [ERROR] The Content Security Policy directive 'upgrade-insecure-requests' is ignored when delivered in a report-only policy. @ https://authenticator.cursor.sh/_next/static/chunks/9794-0b81d181fd0ea507.js?dpl=hak-33198787323-1:0
[    1853ms] [ERROR] The Content Security Policy directive 'upgrade-insecure-requests' is ignored when delivered in a report-only policy. @ https://authenticator.cursor.sh/_next/static/chunks/9794-0b81d181fd0ea507.js?dpl=hak-33198787323-1:0
[    1889ms] [ERROR] The Content Security Policy directive 'upgrade-insecure-requests' is ignored when delivered in a report-only policy. @ https://authenticator.cursor.sh/_next/static/chunks/6372-919ebdad8c05e606.js?dpl=hak-33198787323-1:61
[    1889ms] [ERROR] The Content Security Policy directive 'upgrade-insecure-requests' is ignored when delivered in a report-only policy. @ https://authenticator.cursor.sh/_next/static/chunks/6372-919ebdad8c05e606.js?dpl=hak-33198787323-1:61
[    2402ms] [ERROR] The Content Security Policy directive 'upgrade-insecure-requests' is ignored when delivered in a report-only policy. @ https://authenticator.cursor.sh/_next/static/chunks/5550.3bd6fef46297376d.js?dpl=hak-33198787323-1:63
[    2403ms] [ERROR] The Content Security Policy directive 'upgrade-insecure-requests' is ignored when delivered in a report-only policy. @ https://authenticator.cursor.sh/_next/static/chunks/5550.3bd6fef46297376d.js?dpl=hak-33198787323-1:63
[    2468ms] [INFO] Evaluating a string as JavaScript violates the following Content Security Policy directive because 'unsafe-eval' is not an allowed source of script: "script-src 'self' 'nonce-7pe9VsEI7GCAYQWXTJF/yA==' 'unsafe-inline' https://challenges.cloudflare.com".
 The policy is report-only, so the violation has been logged but no further action has been taken. @ https://authenticator.cursor.sh/_next/static/chunks/5550.3bd6fef46297376d.js?dpl=hak-33198787323-1:273
[    2468ms] [INFO] Evaluating a string as JavaScript violates the following Content Security Policy directive because 'unsafe-eval' is not an allowed source of script: "script-src 'self' 'nonce-7pe9VsEI7GCAYQWXTJF/yA==' 'unsafe-inline' https://challenges.cloudflare.com".
 The policy is report-only, so the violation has been logged but no further action has been taken. @ https://authenticator.cursor.sh/_next/static/chunks/5550.3bd6fef46297376d.js?dpl=hak-33198787323-1:273
[    2468ms] [INFO] Evaluating a string as JavaScript violates the following Content Security Policy directive because 'unsafe-eval' is not an allowed source of script: "script-src 'self' 'nonce-7pe9VsEI7GCAYQWXTJF/yA==' 'unsafe-inline' https://challenges.cloudflare.com".
 The policy is report-only, so the violation has been logged but no further action has been taken. @ https://authenticator.cursor.sh/_next/static/chunks/5550.3bd6fef46297376d.js?dpl=hak-33198787323-1:273
[    2468ms] [INFO] Evaluating a string as JavaScript violates the following Content Security Policy directive because 'unsafe-eval' is not an allowed source of script: "script-src 'self' 'nonce-7pe9VsEI7GCAYQWXTJF/yA==' 'unsafe-inline' https://challenges.cloudflare.com".
 The policy is report-only, so the violation has been logged but no further action has been taken. @ https://authenticator.cursor.sh/_next/static/chunks/5550.3bd6fef46297376d.js?dpl=hak-33198787323-1:273
[    2468ms] [INFO] Evaluating a string as JavaScript violates the following Content Security Policy directive because 'unsafe-eval' is not an allowed source of script: "script-src 'self' 'nonce-7pe9VsEI7GCAYQWXTJF/yA==' 'unsafe-inline' https://challenges.cloudflare.com".
 The policy is report-only, so the violation has been logged but no further action has been taken. @ https://authenticator.cursor.sh/_next/static/chunks/5550.3bd6fef46297376d.js?dpl=hak-33198787323-1:273
[    2469ms] [INFO] Evaluating a string as JavaScript violates the following Content Security Policy directive because 'unsafe-eval' is not an allowed source of script: "script-src 'self' 'nonce-7pe9VsEI7GCAYQWXTJF/yA==' 'unsafe-inline' https://challenges.cloudflare.com".
 The policy is report-only, so the violation has been logged but no further action has been taken. @ https://authenticator.cursor.sh/_next/static/chunks/5550.3bd6fef46297376d.js?dpl=hak-33198787323-1:273
[    2469ms] [INFO] Evaluating a string as JavaScript violates the following Content Security Policy directive because 'unsafe-eval' is not an allowed source of script: "script-src 'self' 'nonce-7pe9VsEI7GCAYQWXTJF/yA==' 'unsafe-inline' https://challenges.cloudflare.com".
 The policy is report-only, so the violation has been logged but no further action has been taken. @ https://authenticator.cursor.sh/_next/static/chunks/5550.3bd6fef46297376d.js?dpl=hak-33198787323-1:273
[    2469ms] [INFO] Evaluating a string as JavaScript violates the following Content Security Policy directive because 'unsafe-eval' is not an allowed source of script: "script-src 'self' 'nonce-7pe9VsEI7GCAYQWXTJF/yA==' 'unsafe-inline' https://challenges.cloudflare.com".
 The policy is report-only, so the violation has been logged but no further action has been taken. @ https://authenticator.cursor.sh/_next/static/chunks/5550.3bd6fef46297376d.js?dpl=hak-33198787323-1:273
[    2469ms] [INFO] Evaluating a string as JavaScript violates the following Content Security Policy directive because 'unsafe-eval' is not an allowed source of script: "script-src 'self' 'nonce-7pe9VsEI7GCAYQWXTJF/yA==' 'unsafe-inline' https://challenges.cloudflare.com".
 The policy is report-only, so the violation has been logged but no further action has been taken. @ https://authenticator.cursor.sh/_next/static/chunks/5550.3bd6fef46297376d.js?dpl=hak-33198787323-1:273
[    3218ms] [WARNING] Canvas2D: Multiple readback operations using getImageData are faster with the willReadFrequently attribute set to true. See: https://html.spec.whatwg.org/multipage/canvas.html#concept-canvas-will-read-frequently @ https://authenticator.cursor.sh/_next/static/chunks/5550.3bd6fef46297376d.js?dpl=hak-33198787323-1:81
